yarn run v1.22.22
$ node scripts/build-summary.js
[34m═══════════════════════════════════════════════════════[0m
[1m[34m   Theia OpenSpace - Build Process[0m
[34m═══════════════════════════════════════════════════════[0m

[1mBuilding Extensions...[0m
[32m  ✓ openspace-core[0m
[32m  ✓ openspace-chat[0m
[32m  ✓ openspace-presentation[0m
[32m  ✓ openspace-whiteboard[0m
[32m  ✓ openspace-layout[0m
[32m  ✓ openspace-settings[0m
[0m  [2mCompleted in 10.1s[0m[0m

[1mBuilding Browser App...[0m
[32m  ✓ Backend bundle: 0.1 MB[0m
[32m  ✓ Frontend bundles compiled[0m
[0m  [2mCompleted in 23.2s[0m[0m

[34m═══════════════════════════════════════════════════════[0m
[1m[32m✓ Build completed successfully in 33.2s[0m
[34m═══════════════════════════════════════════════════════[0m

[2mRun: yarn start:browser[0m
[2mOpen: http://localhost:3000[0m

Done in 33.99s.
